=~=~=~=~=~=~=~=~=~=~=~= PuTTY log 2026.08.02 22:52:17 =~=~=~=~=~=~=~=~=~=~=~=
term len 0
R1#sh run
Building configuration...

Current configuration : 940 bytes
!
version 12.4
service timestamps debug datetime msec
service timestamps log datetime msec
no service password-encryption
!
hostname R1
!
boot-start-marker
boot-end-marker
!
!
no aaa new-model
memory-size iomem 5
no ip icmp rate-limit unreachable
!
!
ip cef
no ip domain lookup
!
!
!
!
!
!
!
!
!
!
!
!
!
!
!
!
ip tcp synwait-time 5
!
!
!
interface FastEthernet0/0
 ip address 10.0.0.1 255.255.255.0
 ip helper-address 10.0.2.2
 speed 100
 half-duplex
!
interface FastEthernet1/0
 ip address 10.0.2.1 255.255.255.0
 duplex auto
 speed auto
!
interface FastEthernet2/0
 ip address 10.0.1.1 255.255.255.0
 ip helper-address 10.0.2.2
 duplex auto
 speed auto
!
!
no ip http server
ip forward-protocol nd
!
!
!
no cdp log mismatch duplex
!
!
!
control-plane
!
!
!
!
!
!
!
!
!
line con 0
 exec-timeout 0 0
 privilege level 15
 logging synchronous
line aux 0
 exec-timeout 0 0
 privilege level 15
 logging synchronous
line vty 0 4
 login
!
!
end

R1#