=~=~=~=~=~=~=~=~=~=~=~= PuTTY log 2026.08.02 22:52:53 =~=~=~=~=~=~=~=~=~=~=~=
term len 0
R2#sh run
Building configuration...

Current configuration : 1052 bytes
!
version 12.4
service timestamps debug datetime msec
service timestamps log datetime msec
no service password-encryption
!
hostname R2
!
boot-start-marker
boot-end-marker
!
!
no aaa new-model
memory-size iomem 5
no ip icmp rate-limit unreachable
!
!
ip cef
no ip domain lookup
no ip dhcp use vrf connected
ip dhcp excluded-address 10.0.0.1
ip dhcp excluded-address 10.0.1.1
!
ip dhcp pool LAN1
   network 10.0.0.0 255.255.255.0
   default-router 10.0.0.1 
!
ip dhcp pool LAN2
   network 10.0.1.0 255.255.255.0
   default-router 10.0.1.1 
!
!
!
!
!
!
!
!
!
!
!
!
!
!
!
!
ip tcp synwait-time 5
!
!
!
interface FastEthernet0/0
 ip address 10.0.2.2 255.255.255.0
 duplex auto
 speed auto
!
!
no ip http server
ip forward-protocol nd
ip route 10.0.0.0 255.255.255.0 10.0.2.1
ip route 10.0.1.0 255.255.255.0 10.0.2.1
!
!
!
no cdp log mismatch duplex
!
!
!
control-plane
!
!
!
!
!
!
!
!
!
line con 0
 exec-timeout 0 0
 privilege level 15
 logging synchronous
line aux 0
 exec-timeout 0 0
 privilege level 15
 logging synchronous
line vty 0 4
 login
!
!
end

R2#
*Mar  1 05:49:18.406: DHCPD: checking for expired leases.
R2#