=~=~=~=~=~=~=~=~=~=~=~= PuTTY log 2026.07.30 21:19:32 =~=~=~=~=~=~=~=~=~=~=~=
enable
vIOS-L2-01#sh run
Building configuration...

Current configuration : 5062 bytes
!
! Last configuration change at 12:59:43 UTC Thu Jul 30 2026
!
version 15.0
service timestamps debug datetime msec
service timestamps log datetime msec
no service password-encryption
service compress-config
!
hostname vIOS-L2-01
!
boot-start-marker
boot-end-marker
!
!
!
no aaa new-model
!
!
!
!
 --More--         
vIOS-L2-01#term len 0
vIOS-L2-01#sh run
Building configuration...

Current configuration : 5062 bytes
!
! Last configuration change at 12:59:43 UTC Thu Jul 30 2026
!
version 15.0
service timestamps debug datetime msec
service timestamps log datetime msec
no service password-encryption
service compress-config
!
hostname vIOS-L2-01
!
boot-start-marker
boot-end-marker
!
!
!
no aaa new-model
!
!
!
!
!
vtp domain CISCO-vIOS
vtp mode transparent
!
!
!
no ip domain-lookup
ip cef
no ipv6 cef
!
!
spanning-tree mode pvst
spanning-tree extend system-id
!
vlan internal allocation policy ascending
!
vlan 100
 name VLAN100
!
vlan 200,300 
!
! 
!
!
!
!
!
!
!
!
!
!
!
interface GigabitEthernet0/0
 media-type rj45
 negotiation auto
!
interface GigabitEthernet0/1
 media-type rj45
 negotiation auto
!
interface GigabitEthernet0/2
 media-type rj45
 negotiation auto
!
interface GigabitEthernet0/3
 media-type rj45
 negotiation auto
!
interface GigabitEthernet1/0
 media-type rj45
 negotiation auto
!
interface GigabitEthernet1/1
 media-type rj45
 negotiation auto
!
ip forward-protocol nd
!
no ip http server
no ip http secure-server
!
!
!
!
!
!
control-plane
!
banner exec ^C
**************************************************************************
* IOSv - Cisco Systems Confidential                                      *
*                                                                        *
* This software is provided as is without warranty for internal          *
* development and testing purposes only under the terms of the Cisco     *
* Early Field Trial agreement.  Under no circumstances may this software *
* be used for production purposes or deployed in a production            *
* environment.                                                           *
*                                                                        *
* By using the software, you agree to abide by the terms and conditions  *
* of the Cisco Early Field Trial Agreement as well as the terms and      *
* conditions of the Cisco End User License Agreement at                  *
* http://www.cisco.com/go/eula                                           *
*                                                                        *
* Unauthorized use or distribution of this software is expressly         *
* Prohibited.                                                            *
**************************************************************************^C
banner incoming ^C
**************************************************************************
* IOSv - Cisco Systems Confidential                                      *
*                                                                        *
* This software is provided as is without warranty for internal          *
* development and testing purposes only under the terms of the Cisco     *
* Early Field Trial agreement.  Under no circumstances may this software *
* be used for production purposes or deployed in a production            *
* environment.                                                           *
*                                                                        *
* By using the software, you agree to abide by the terms and conditions  *
* of the Cisco Early Field Trial Agreement as well as the terms and      *
* conditions of the Cisco End User License Agreement at                  *
* http://www.cisco.com/go/eula                                           *
*                                                                        *
* Unauthorized use or distribution of this software is expressly         *
* Prohibited.                                                            *
**************************************************************************^C
banner login ^C
**************************************************************************
* IOSv - Cisco Systems Confidential                                      *
*                                                                        *
* This software is provided as is without warranty for internal          *
* development and testing purposes only under the terms of the Cisco     *
* Early Field Trial agreement.  Under no circumstances may this software *
* be used for production purposes or deployed in a production            *
* environment.                                                           *
*                                                                        *
* By using the software, you agree to abide by the terms and conditions  *
* of the Cisco Early Field Trial Agreement as well as the terms and      *
* conditions of the Cisco End User License Agreement at                  *
* http://www.cisco.com/go/eula                                           *
*                                                                        *
* Unauthorized use or distribution of this software is expressly         *
* Prohibited.                                                            *
**************************************************************************^C
!
line con 0
 logging synchronous
line aux 0
line vty 0 4
 logging synchronous
 login
line vty 5 15
 logging synchronous
 login
!
!
end

vIOS-L2-01#term len 25
vIOS-L2-01#sh spenn?
% Unrecognized command
vIOS-L2-01#sh spenning?
% Unrecognized command
vIOS-L2-01#sh spenning-?
% Unrecognized command
vIOS-L2-01#sh spenning-treeenning-tree anning-tree

VLAN0001
  Spanning tree enabled protocol ieee
  Root ID    Priority    4097
             Address     0c54.588a.0000
             Cost        8
             Port        3 (GigabitEthernet0/2)
             Hello Time   2 sec  Max Age 20 sec  Forward Delay 15 sec

  Bridge ID  Priority    32769  (priority 32768 sys-id-ext 1)
             Address     0c0c.c4f4.0000
             Hello Time   2 sec  Max Age 20 sec  Forward Delay 15 sec
             Aging Time  300 sec

Interface           Role Sts Cost      Prio.Nbr Type
------------------- ---- --- --------- -------- --------------------------------
Gi0/0               Desg FWD 4         128.1    Shr 
Gi0/1               Desg FWD 4         128.2    Shr 
Gi0/2               Root FWD 4         128.3    Shr 
Gi0/3               Altn BLK 4         128.4    Shr 
Gi1/0               Altn BLK 4         128.5    Shr 
Gi1/1               Altn BLK 4         128.6    Shr 


 --More-- 