=~=~=~=~=~=~=~=~=~=~=~= PuTTY log 2026.07.30 23:24:53 =~=~=~=~=~=~=~=~=~=~=~=
        
 --More--         
vIOS-L2-01#sh spanning-tree 

VLAN0001
  Spanning tree enabled protocol ieee
  Root ID    Priority    4097
             Address     0c54.588a.0000
             Cost        8
             Port        5 (GigabitEthernet1/0)
             Hello Time   2 sec  Max Age 20 sec  Forward Delay 15 sec

  Bridge ID  Priority    32769  (priority 32768 sys-id-ext 1)
             Address     0c42.636e.0000
             Hello Time   2 sec  Max Age 20 sec  Forward Delay 15 sec
             Aging Time  300 sec

Interface           Role Sts Cost      Prio.Nbr Type
------------------- ---- --- --------- -------- --------------------------------
Gi0/0               Desg FWD 4         128.1    Shr 
Gi0/1               Desg FWD 4         128.2    Shr 
Gi0/2               Altn BLK 4         128.3    Shr 
Gi0/3               Altn BLK 4         128.4    Shr 
Gi1/0               Root FWD 4         128.5    Shr 
Gi1/1               Altn BLK 4         128.6    Shr 

 --More-- 