=~=~=~=~=~=~=~=~=~=~=~= PuTTY log 2026.07.30 23:20:57 =~=~=~=~=~=~=~=~=~=~=~=

**************************************************************************
* IOSv - Cisco Systems Confidential                                      *
*                                                                        *
* This software is provided as is without warranty for internal          *
* development and testing purposes only under the terms of the Cisco     *
* Early Field Trial agreement.  Under no circumstances may this software *
* be used for production purposes or deployed in a production            *
* environment.                                                           *
*                                                                        *
* By using the software, you agree to abide by the terms and conditions  *
* of the Cisco Early Field Trial Agreement as well as the terms and      *
* conditions of the Cisco End User License Agreement at                  *
* http://www.cisco.com/go/eula                                           *
*                                                                        *
* Unauthorized use or distribution of this software is expressly         *
* Prohibited.                                                            *
**************************************************************************
vIOS-L2-01>enable
vIOS-L2-01#sh sp
vIOS-L2-01#sh spanning-tree 

VLAN0001
  Spanning tree enabled protocol ieee
  Root ID    Priority    4097
             Address     0c54.588a.0000
             Cost        8
             Port        3 (GigabitEthernet0/2)
             Hello Time   2 sec  Max Age 20 sec  Forward Delay 15 sec

  Bridge ID  Priority    32769  (priority 32768 sys-id-ext 1)
             Address     0c0c.c4f4.0000
             Hello Time   2 sec  Max Age 20 sec  Forward Delay 15 sec
             Aging Time  300 sec

Interface           Role Sts Cost      Prio.Nbr Type
------------------- ---- --- --------- -------- --------------------------------
Gi0/0               Desg FWD 4         128.1    Shr 
Gi0/1               Desg FWD 4         128.2    Shr 
Gi0/2               Root FWD 4         128.3    Shr 
Gi0/3               Altn BLK 4         128.4    Shr 
Gi1/0               Altn BLK 4         128.5    Shr 
Gi1/1               Altn BLK 4         128.6    Shr 

 --More-- 